\BOOKMARK [0][-]{chapter*.4}{\376\377\000R\000e\000s\000u\000m\000e\000n\000\040\000e\000j\000e\000c\000u\000t\000i\000v\000o}{}% 1
\BOOKMARK [0][-]{chapter.1}{\376\377\000T\000e\000m\000a\000,\000\040\000i\000n\000t\000r\000o\000d\000u\000c\000c\000i\000\363\000n\000\040\000y\000\040\000o\000b\000j\000e\000t\000i\000v\000o\000s}{}% 2
\BOOKMARK [1][-]{section.1.1}{\376\377\000T\000e\000m\000a}{chapter.1}% 3
\BOOKMARK [1][-]{section.1.2}{\376\377\000I\000n\000t\000r\000o\000d\000u\000c\000c\000i\000\363\000n}{chapter.1}% 4
\BOOKMARK [1][-]{section.1.3}{\376\377\000P\000l\000a\000n\000t\000e\000a\000m\000i\000e\000n\000t\000o\000\040\000d\000e\000l\000\040\000p\000r\000o\000b\000l\000e\000m\000a}{chapter.1}% 5
\BOOKMARK [1][-]{section.1.4}{\376\377\000O\000b\000j\000e\000t\000i\000v\000o\000\040\000g\000e\000n\000e\000r\000a\000l}{chapter.1}% 6
\BOOKMARK [1][-]{section.1.5}{\376\377\000O\000b\000j\000e\000t\000i\000v\000o\000s\000\040\000e\000s\000p\000e\000c\000\355\000f\000i\000c\000o\000s}{chapter.1}% 7
\BOOKMARK [1][-]{section.1.6}{\376\377\000A\000l\000c\000a\000n\000c\000e}{chapter.1}% 8
\BOOKMARK [0][-]{chapter.2}{\376\377\000M\000a\000r\000c\000o\000\040\000C\000o\000n\000c\000e\000p\000t\000u\000a\000l\000\040\000y\000\040\000T\000r\000a\000b\000a\000j\000o\000s\000\040\000R\000e\000l\000a\000c\000i\000o\000n\000a\000d\000o\000s}{}% 9
\BOOKMARK [1][-]{section.2.1}{\376\377\000T\000r\000a\000b\000a\000j\000o\000s\000\040\000r\000e\000l\000a\000c\000i\000o\000n\000a\000d\000o\000s}{chapter.2}% 10
\BOOKMARK [1][-]{section.2.2}{\376\377\000C\000o\000n\000c\000e\000p\000t\000o\000s\000\040\000C\000l\000a\000v\000e}{chapter.2}% 11
\BOOKMARK [2][-]{subsection.2.2.1}{\376\377\000O\000v\000e\000r\000b\000o\000o\000k\000i\000n\000g\000\040\000\050\000S\000o\000b\000r\000e\000v\000e\000n\000t\000a\000\051}{section.2.2}% 12
\BOOKMARK [2][-]{subsection.2.2.2}{\376\377\000C\000l\000e\000a\000n\000\040\000A\000r\000c\000h\000i\000t\000e\000c\000t\000u\000r\000e\000\040\000y\000\040\000M\000V\000V\000M}{section.2.2}% 13
\BOOKMARK [2][-]{subsection.2.2.3}{\376\377\000T\000r\000a\000n\000s\000a\000c\000c\000i\000o\000n\000e\000s\000\040\000A\000t\000\363\000m\000i\000c\000a\000s}{section.2.2}% 14
\BOOKMARK [2][-]{subsection.2.2.4}{\376\377\000G\000e\000o\000l\000o\000c\000a\000l\000i\000z\000a\000c\000i\000\363\000n\000\040\000O\000p\000e\000r\000a\000t\000i\000v\000a\000\040\000y\000\040\000M\000a\000g\000n\000e\000t\000o\000m\000e\000t\000r\000\355\000a}{section.2.2}% 15
\BOOKMARK [2][-]{subsection.2.2.5}{\376\377\000I\000n\000t\000e\000l\000i\000g\000e\000n\000c\000i\000a\000\040\000A\000r\000t\000i\000f\000i\000c\000i\000a\000l\000\040\000G\000e\000n\000e\000r\000a\000t\000i\000v\000a\000\040\000y\000\040\000N\000L\000P}{section.2.2}% 16
\BOOKMARK [2][-]{subsection.2.2.6}{\376\377\000S\000i\000s\000t\000e\000m\000a\000s\000\040\000R\000e\000a\000c\000t\000i\000v\000o\000s\000\040\000y\000\040\000W\000e\000b\000S\000o\000c\000k\000e\000t\000s}{section.2.2}% 17
\BOOKMARK [2][-]{subsection.2.2.7}{\376\377\000M\000o\000d\000e\000l\000o\000\040\000d\000e\000\040\000S\000e\000g\000u\000r\000i\000d\000a\000d\000\040\000Z\000e\000r\000o\000\040\000T\000r\000u\000s\000t\000\040\000y\000\040\000J\000W\000T}{section.2.2}% 18
\BOOKMARK [2][-]{subsection.2.2.8}{\376\377\000E\000n\000t\000o\000r\000n\000o\000s\000\040\000d\000e\000\040\000E\000j\000e\000c\000u\000c\000i\000\363\000n\000\040\000C\000o\000n\000f\000i\000a\000b\000l\000e\000s\000\040\000\050\000T\000E\000E\000\051}{section.2.2}% 19
\BOOKMARK [2][-]{subsection.2.2.9}{\376\377\000O\000f\000u\000s\000c\000a\000m\000i\000e\000n\000t\000o\000\040\000y\000\040\000M\000i\000t\000i\000g\000a\000c\000i\000\363\000n\000\040\000d\000e\000\040\000I\000n\000g\000e\000n\000i\000e\000r\000\355\000a\000\040\000I\000n\000v\000e\000r\000s\000a}{section.2.2}% 20
\BOOKMARK [0][-]{chapter.3}{\376\377\000A\000r\000q\000u\000i\000t\000e\000c\000t\000u\000r\000a\000\040\000y\000\040\000E\000s\000t\000r\000u\000c\000t\000u\000r\000a}{}% 21
\BOOKMARK [1][-]{section.3.1}{\376\377\000A\000r\000q\000u\000i\000t\000e\000c\000t\000u\000r\000a\000\040\000d\000e\000l\000\040\000S\000i\000s\000t\000e\000m\000a}{chapter.3}% 22
\BOOKMARK [2][-]{subsection.3.1.1}{\376\377\000C\000a\000p\000a\000s\000\040\000d\000e\000\040\000A\000r\000q\000u\000i\000t\000e\000c\000t\000u\000r\000a\000\040\000L\000i\000m\000p\000i\000a}{section.3.1}% 23
\BOOKMARK [2][-]{subsection.3.1.2}{\376\377\000I\000n\000v\000e\000r\000s\000i\000\363\000n\000\040\000d\000e\000\040\000D\000e\000p\000e\000n\000d\000e\000n\000c\000i\000a\000s\000\040\000\050\000G\000e\000t\000I\000t\000\051}{section.3.1}% 24
\BOOKMARK [2][-]{subsection.3.1.3}{\376\377\000D\000i\000a\000g\000r\000a\000m\000a\000\040\000d\000e\000\040\000D\000e\000s\000p\000l\000i\000e\000g\000u\000e}{section.3.1}% 25
\BOOKMARK [1][-]{section.3.2}{\376\377\000S\000t\000a\000c\000k\000\040\000T\000e\000c\000n\000o\000l\000\363\000g\000i\000c\000o\000,\000\040\000H\000e\000r\000r\000a\000m\000i\000e\000n\000t\000a\000s\000\040\000y\000\040\000A\000P\000I\000s\000\040\000I\000n\000t\000e\000g\000r\000a\000d\000a\000s}{chapter.3}% 26
\BOOKMARK [1][-]{section.3.3}{\376\377\000D\000i\000a\000g\000r\000a\000m\000a\000\040\000d\000e\000\040\000c\000a\000r\000p\000e\000t\000a\000s}{chapter.3}% 27
\BOOKMARK [1][-]{section.3.4}{\376\377\000M\000o\000d\000e\000l\000o\000\040\000d\000e\000\040\000d\000a\000t\000o\000s}{chapter.3}% 28
\BOOKMARK [1][-]{section.3.5}{\376\377\000D\000i\000a\000g\000r\000a\000m\000a\000s\000\040\000U\000M\000L\000\040\000d\000e\000l\000\040\000S\000i\000s\000t\000e\000m\000a}{chapter.3}% 29
\BOOKMARK [2][-]{subsection.3.5.1}{\376\377\000D\000i\000a\000g\000r\000a\000m\000a\000\040\000d\000e\000\040\000C\000o\000m\000p\000o\000n\000e\000n\000t\000e\000s\000\040\000\050\000C\000l\000e\000a\000n\000\040\000A\000r\000c\000h\000i\000t\000e\000c\000t\000u\000r\000e\000\051}{section.3.5}% 30
\BOOKMARK [2][-]{subsection.3.5.2}{\376\377\000D\000i\000a\000g\000r\000a\000m\000a\000\040\000d\000e\000\040\000C\000l\000a\000s\000e\000s\000\040\000d\000e\000l\000\040\000D\000o\000m\000i\000n\000i\000o}{section.3.5}% 31
\BOOKMARK [2][-]{subsection.3.5.3}{\376\377\000D\000i\000a\000g\000r\000a\000m\000a\000\040\000d\000e\000\040\000C\000a\000s\000o\000s\000\040\000d\000e\000\040\000U\000s\000o}{section.3.5}% 32
\BOOKMARK [2][-]{subsection.3.5.4}{\376\377\000D\000i\000a\000g\000r\000a\000m\000a\000\040\000d\000e\000\040\000S\000e\000c\000u\000e\000n\000c\000i\000a\000\040\000\050\000o\000\040\000A\000c\000t\000i\000v\000i\000d\000a\000d\000\051}{section.3.5}% 33
\BOOKMARK [2][-]{subsection.3.5.5}{\376\377\000M\000\341\000q\000u\000i\000n\000a\000\040\000d\000e\000\040\000E\000s\000t\000a\000d\000o\000s\000\040\000d\000e\000\040\000R\000e\000s\000e\000r\000v\000a}{section.3.5}% 34
\BOOKMARK [2][-]{subsection.3.5.6}{\376\377\000D\000i\000a\000g\000r\000a\000m\000a\000\040\000E\000n\000t\000i\000d\000a\000d\000-\000R\000e\000l\000a\000c\000i\000\363\000n\000\040\000E\000x\000t\000e\000n\000d\000i\000d\000o\000\040\000\050\000E\000R\000\051}{section.3.5}% 35
\BOOKMARK [0][-]{chapter.4}{\376\377\000D\000e\000s\000a\000r\000r\000o\000l\000l\000o\000\040\000y\000\040\000c\000a\000p\000t\000u\000r\000a\000s\000\040\000d\000e\000l\000\040\000a\000p\000l\000i\000c\000a\000t\000i\000v\000o}{}% 36
\BOOKMARK [1][-]{section.4.1}{\376\377\000M\000\363\000d\000u\000l\000o\000\040\000W\000e\000b\000\040\000y\000\040\000E\000n\000t\000o\000r\000n\000o\000\040\000L\000e\000g\000a\000l}{chapter.4}% 37
\BOOKMARK [1][-]{section.4.2}{\376\377\000M\000\363\000d\000u\000l\000o\000\040\000d\000e\000\040\000A\000u\000t\000e\000n\000t\000i\000c\000a\000c\000i\000\363\000n\000,\000\040\000R\000e\000g\000i\000s\000t\000r\000o\000\040\000y\000\040\000B\000i\000o\000m\000e\000t\000r\000\355\000a}{chapter.4}% 38
\BOOKMARK [1][-]{section.4.3}{\376\377\000M\000\363\000d\000u\000l\000o\000\040\000d\000e\000\040\000E\000x\000p\000l\000o\000r\000a\000c\000i\000\363\000n\000\040\000\050\000D\000a\000s\000h\000b\000o\000a\000r\000d\000\051\000\040\000y\000\040\000V\000i\000s\000u\000a\000l\000i\000z\000a\000c\000i\000\363\000n\000\040\000d\000e\000\040\000H\000o\000s\000t\000e\000r\000\355\000a\000s}{chapter.4}% 39
\BOOKMARK [1][-]{section.4.4}{\376\377\000M\000\363\000d\000u\000l\000o\000\040\000d\000e\000\040\000M\000a\000p\000a\000s\000\040\000I\000n\000t\000e\000r\000a\000c\000t\000i\000v\000o\000s\000\040\000y\000\040\000G\000e\000o\000l\000o\000c\000a\000l\000i\000z\000a\000c\000i\000\363\000n}{chapter.4}% 40
\BOOKMARK [1][-]{section.4.5}{\376\377\000A\000s\000i\000s\000t\000e\000n\000t\000e\000\040\000V\000i\000r\000t\000u\000a\000l\000\040\000\050\000C\000h\000a\000t\000b\000o\000t\000\040\000c\000o\000n\000\040\000I\000n\000t\000e\000l\000i\000g\000e\000n\000c\000i\000a\000\040\000A\000r\000t\000i\000f\000i\000c\000i\000a\000l\000\051}{chapter.4}% 41
\BOOKMARK [1][-]{section.4.6}{\376\377\000P\000r\000o\000c\000e\000s\000o\000\040\000d\000e\000\040\000R\000e\000s\000e\000r\000v\000a\000\040\000y\000\040\000R\000e\000s\000o\000l\000u\000c\000i\000\363\000n\000\040\000d\000e\000l\000\040\000O\000v\000e\000r\000b\000o\000o\000k\000i\000n\000g}{chapter.4}% 42
\BOOKMARK [1][-]{section.4.7}{\376\377\000M\000\363\000d\000u\000l\000o\000\040\000d\000e\000\040\000U\000s\000u\000a\000r\000i\000o\000,\000\040\000A\000j\000u\000s\000t\000e\000s\000\040\000y\000\040\000N\000o\000t\000i\000f\000i\000c\000a\000c\000i\000o\000n\000e\000s}{chapter.4}% 43
\BOOKMARK [1][-]{section.4.8}{\376\377\000P\000a\000n\000e\000l\000\040\000A\000d\000m\000i\000n\000i\000s\000t\000r\000a\000t\000i\000v\000o\000\040\000W\000e\000b}{chapter.4}% 44
\BOOKMARK [1][-]{section.4.9}{\376\377\000S\000e\000g\000u\000r\000i\000d\000a\000d\000\040\000y\000\040\000P\000r\000i\000v\000a\000c\000i\000d\000a\000d}{chapter.4}% 45
\BOOKMARK [0][-]{chapter.5}{\376\377\000P\000r\000u\000e\000b\000a\000s}{}% 46
\BOOKMARK [1][-]{section.5.1}{\376\377\000E\000s\000t\000r\000a\000t\000e\000g\000i\000a\000\040\000g\000e\000n\000e\000r\000a\000l}{chapter.5}% 47
\BOOKMARK [1][-]{section.5.2}{\376\377\000E\000n\000t\000o\000r\000n\000o\000\040\000T\000e\000c\000n\000o\000l\000\363\000g\000i\000c\000o\000,\000\040\000H\000e\000r\000r\000a\000m\000i\000e\000n\000t\000a\000s\000\040\000y\000\040\000G\000u\000\355\000a\000\040\000d\000e\000\040\000E\000j\000e\000c\000u\000c\000i\000\363\000n}{chapter.5}% 48
\BOOKMARK [2][-]{subsection.5.2.1}{\376\377\000H\000e\000r\000r\000a\000m\000i\000e\000n\000t\000a\000s\000\040\000d\000e\000\040\000Q\000A\000\040\000y\000\040\000T\000e\000c\000n\000o\000l\000o\000g\000\355\000a\000s\000\040\000E\000m\000p\000l\000e\000a\000d\000a\000s}{section.5.2}% 49
\BOOKMARK [2][-]{subsection.5.2.2}{\376\377\000P\000r\000o\000t\000o\000c\000o\000l\000o\000\040\000y\000\040\000P\000r\000o\000c\000e\000d\000i\000m\000i\000e\000n\000t\000o\000s\000\040\000P\000a\000s\000o\000\040\000a\000\040\000P\000a\000s\000o\000\040\000d\000e\000\040\000E\000j\000e\000c\000u\000c\000i\000\363\000n}{section.5.2}% 50
\BOOKMARK [1][-]{section.5.3}{\376\377\000P\000r\000u\000e\000b\000a\000s\000\040\000d\000e\000\040\000u\000s\000a\000b\000i\000l\000i\000d\000a\000d}{chapter.5}% 51
\BOOKMARK [2][-]{subsection.5.3.1}{\376\377\000P\000a\000r\000t\000i\000c\000i\000p\000a\000n\000t\000e\000s}{section.5.3}% 52
\BOOKMARK [2][-]{subsection.5.3.2}{\376\377\000M\000\351\000t\000r\000i\000c\000a\000s}{section.5.3}% 53
\BOOKMARK [1][-]{section.5.4}{\376\377\000P\000r\000u\000e\000b\000a\000s\000\040\000f\000u\000n\000c\000i\000o\000n\000a\000l\000e\000s}{chapter.5}% 54
\BOOKMARK [1][-]{section.5.5}{\376\377\000P\000r\000u\000e\000b\000a\000s\000\040\000d\000e\000\040\000R\000e\000d\000\040\000\050\000R\000a\000t\000e\000\040\000L\000i\000m\000i\000t\000i\000n\000g\000\051}{chapter.5}% 55
\BOOKMARK [1][-]{section.5.6}{\376\377\000P\000r\000u\000e\000b\000a\000s\000\040\000d\000e\000\040\000r\000e\000n\000d\000i\000m\000i\000e\000n\000t\000o\000\040\000y\000\040\000c\000a\000r\000g\000a}{chapter.5}% 56
\BOOKMARK [1][-]{section.5.7}{\376\377\000N\000i\000v\000e\000l\000e\000s\000\040\000d\000e\000\040\000P\000r\000u\000e\000b\000a\000s\000\040\000A\000u\000t\000o\000m\000a\000t\000i\000z\000a\000d\000a\000s\000\040\000e\000n\000\040\000C\000\363\000d\000i\000g\000o}{chapter.5}% 57
\BOOKMARK [2][-]{subsection.5.7.1}{\376\377\000P\000r\000u\000e\000b\000a\000s\000\040\000U\000n\000i\000t\000a\000r\000i\000a\000s\000\040\000\050\000L\000\363\000g\000i\000c\000a\000\040\000d\000e\000\040\000D\000o\000m\000i\000n\000i\000o\000\040\000y\000\040\000D\000a\000t\000o\000s\000\051}{section.5.7}% 58
\BOOKMARK [2][-]{subsection.5.7.2}{\376\377\000P\000r\000u\000e\000b\000a\000s\000\040\000d\000e\000\040\000I\000n\000t\000e\000r\000f\000a\000z\000\040\000I\000n\000-\000M\000e\000m\000o\000r\000y\000\040\000\050\000W\000i\000d\000g\000e\000t\000\040\000T\000e\000s\000t\000i\000n\000g\000\051}{section.5.7}% 59
\BOOKMARK [2][-]{subsection.5.7.3}{\376\377\000P\000r\000u\000e\000b\000a\000s\000\040\000d\000e\000\040\000I\000n\000t\000e\000g\000r\000a\000c\000i\000\363\000n\000\040\000\050\000E\000n\000d\000-\000t\000o\000-\000E\000n\000d\000\051}{section.5.7}% 60
\BOOKMARK [2][-]{subsection.5.7.4}{\376\377\000P\000r\000u\000e\000b\000a\000s\000\040\000F\000u\000n\000c\000i\000o\000n\000a\000l\000e\000s\000\040\000E\000s\000p\000e\000c\000\355\000f\000i\000c\000a\000s}{section.5.7}% 61
\BOOKMARK [2][-]{subsection.5.7.5}{\376\377\000P\000r\000u\000e\000b\000a\000s\000\040\000d\000e\000\040\000S\000e\000g\000u\000r\000i\000d\000a\000d\000\040\000y\000\040\000T\000h\000r\000o\000t\000t\000l\000i\000n\000g\000\040\000\050\000R\000a\000t\000e\000\040\000L\000i\000m\000i\000t\000\051}{section.5.7}% 62
\BOOKMARK [2][-]{subsection.5.7.6}{\376\377\000P\000r\000u\000e\000b\000a\000s\000\040\000d\000e\000\040\000R\000e\000n\000d\000i\000m\000i\000e\000n\000t\000o\000\040\000y\000\040\000L\000a\000t\000e\000n\000c\000i\000a\000\040\000\050\000C\000P\000U\000/\000G\000P\000U\000\051}{section.5.7}% 63
\BOOKMARK [2][-]{subsection.5.7.7}{\376\377\000P\000r\000u\000e\000b\000a\000s\000\040\000d\000e\000\040\000A\000u\000t\000o\000m\000a\000t\000i\000z\000a\000c\000i\000\363\000n\000\040\000H\000\355\000b\000r\000i\000d\000a\000\040\000\050\000A\000p\000p\000i\000u\000m\000\051}{section.5.7}% 64
\BOOKMARK [0][-]{chapter.6}{\376\377\000C\000o\000n\000c\000l\000u\000s\000i\000o\000n\000e\000s}{}% 65
\BOOKMARK [0][-]{chapter.7}{\376\377\000R\000e\000c\000o\000m\000e\000n\000d\000a\000c\000i\000o\000n\000e\000s}{}% 66
